#-----------------------------------------------------------
# Vivado v2021.2 (64-bit)
# SW Build 3367213 on Tue Oct 19 02:48:09 MDT 2021
# IP Build 3369179 on Thu Oct 21 08:25:16 MDT 2021
# Start of session at: Wed Apr  3 14:43:14 2024
# Process ID: 28012
# Current directory: C:/Users/reese/Documents/GitHub/ARM-Lab/ARM-Project
# Command line: vivado.exe -gui_launcher_event rodinguilauncherevent27800 C:\Users\reese\Documents\GitHub\ARM-Lab\ARM-Project\ARM-Project.xpr
# Log file: C:/Users/reese/Documents/GitHub/ARM-Lab/ARM-Project/vivado.log
# Journal file: C:/Users/reese/Documents/GitHub/ARM-Lab/ARM-Project\vivado.jou
# Running On: ReeseZeph-Part2, OS: Windows, CPU Frequency: 3294 MHz, CPU Physical cores: 16, Host memory: 16366 MB
#-----------------------------------------------------------
start_gui
open_project C:/Users/reese/Documents/GitHub/ARM-Lab/ARM-Project/ARM-Project.xpr
update_compile_order -fileset sources_1
# Disabling source management mode.  This is to allow the top design properties to be set without GUI intervention.
set_property source_mgmt_mode None [current_project]
set_property top iMemory_test [current_fileset]
# Re-enabling previously disabled source management mode.
set_property source_mgmt_mode All [current_project]
update_compile_order -fileset sources_1
set_property top iMemory_test [get_filesets sim_1]
set_property top_lib xil_defaultlib [get_filesets sim_1]
